[2026-05-22T06:26:05.745Z] ERROR: Signup error
PrismaClientValidationError: 
Invalid `__TURBOPACK__imported__module__$5b$project$5d2f$src$2f$lib$2f$prisma$2e$ts__$5b$app$2d$route$5d$__$28$ecmascript$29$__["prisma"].user.create()` invocation in
D:\jarvis-starter-kit\axenium\.next\dev\server\chunks\[root-of-the-server]__0on1o8v._.js:163:162

  160     });
  161 }
  162 const hashedPassword = await __TURBOPACK__imported__module__$5b$project$5d2f$node_modules$2f$bcryptjs$2f$index$2e$js__$5b$app$2d$route$5d$__$28$ecmascript$29$__["default"].hash(password, 10);
→ 163 const user = await __TURBOPACK__imported__module__$5b$project$5d2f$src$2f$lib$2f$prisma$2e$ts__$5b$app$2d$route$5d$__$28$ecmascript$29$__["prisma"].user.create({
        data: {
          name: "Batamack",
          email: "batamackbatamack@gmail.com",
          phoneNumber: "",
          password: "$2b$10$3l2ryCSy.32m7WgfGuxcuOIQRzp0XlN5l8c3qyECwVIWpLD48HsWK",
          ~~~~~~~~
          role: "ADMIN",
      ?   id?: String,
      ?   isValidated?: Boolean,
      ?   canUploadCV?: Boolean,
      ?   image?: String | Null,
      ?   cvUrl?: String | Null,
      ?   createdAt?: DateTime,
      ?   updatedAt?: DateTime,
      ?   accounts?: AccountCreateNestedManyWithoutUserInput,
      ?   sessions?: SessionCreateNestedManyWithoutUserInput,
      ?   assignedLeads?: LeadCreateNestedManyWithoutAssignedToInput,
      ?   clientLeads?: LeadCreateNestedManyWithoutClientInput,
      ?   bookingsAsClient?: BookingCreateNestedManyWithoutClientInput,
      ?   bookingsAsExpert?: BookingCreateNestedManyWithoutExpertInput,
      ?   referrals?: ReferralCreateNestedManyWithoutReferrerInput
        }
      })

Unknown argument `password`. Available options are marked with ?.
    at wn (D:\jarvis-starter-kit\axenium\node_modules\@prisma\client\runtime\library.js:29:1363)
    at $n.handleRequestError (D:\jarvis-starter-kit\axenium\node_modules\@prisma\client\runtime\library.js:121:6958)
    at $n.handleAndLogRequestError (D:\jarvis-starter-kit\axenium\node_modules\@prisma\client\runtime\library.js:121:6623)
    at $n.request (D:\jarvis-starter-kit\axenium\node_modules\@prisma\client\runtime\library.js:121:6307)
    at async l (D:\jarvis-starter-kit\axenium\node_modules\@prisma\client\runtime\library.js:130:9633)
    at async POST (D:\jarvis-starter-kit\axenium\.next\dev\server\chunks\[root-of-the-server]__0on1o8v._.js:163:22)
    at async AppRouteRouteModule.do (D:\jarvis-starter-kit\axenium\node_modules\next\dist\compiled\next-server\app-route-turbo.runtime.dev.js:5:40115)
    at async AppRouteRouteModule.handle (D:\jarvis-starter-kit\axenium\node_modules\next\dist\compiled\next-server\app-route-turbo.runtime.dev.js:5:47395)
    at async responseGenerator (D:\jarvis-starter-kit\axenium\.next\dev\server\chunks\[root-of-the-server]__0ctdf2n._.js:18392:38)
    at async AppRouteRouteModule.handleResponse (D:\jarvis-starter-kit\axenium\node_modules\next\dist\compiled\next-server\app-route-turbo.runtime.dev.js:1:228552)
    at async handleResponse (D:\jarvis-starter-kit\axenium\.next\dev\server\chunks\[root-of-the-server]__0ctdf2n._.js:18455:32)
    at async Module.handler (D:\jarvis-starter-kit\axenium\.next\dev\server\chunks\[root-of-the-server]__0ctdf2n._.js:18509:13)
    at async DevServer.renderToResponseWithComponentsImpl (D:\jarvis-starter-kit\axenium\node_modules\next\dist\server\base-server.js:1462:9)
    at async DevServer.renderPageComponent (D:\jarvis-starter-kit\axenium\node_modules\next\dist\server\base-server.js:1514:24)
    at async DevServer.renderToResponseImpl (D:\jarvis-starter-kit\axenium\node_modules\next\dist\server\base-server.js:1564:32)
    at async DevServer.pipeImpl (D:\jarvis-starter-kit\axenium\node_modules\next\dist\server\base-server.js:1044:25)
    at async NextNodeServer.handleCatchallRenderRequest (D:\jarvis-starter-kit\axenium\node_modules\next\dist\server\next-server.js:338:17)
    at async DevServer.handleRequestImpl (D:\jarvis-starter-kit\axenium\node_modules\next\dist\server\base-server.js:935:17)
    at async D:\jarvis-starter-kit\axenium\node_modules\next\dist\server\dev\next-dev-server.js:394:20
    at async Span.traceAsyncFn (D:\jarvis-starter-kit\axenium\node_modules\next\dist\trace\trace.js:164:20)
    at async DevServer.handleRequest (D:\jarvis-starter-kit\axenium\node_modules\next\dist\server\dev\next-dev-server.js:390:24)
    at async invokeRender (D:\jarvis-starter-kit\axenium\node_modules\next\dist\server\lib\router-server.js:266:21)
    at async handleRequest (D:\jarvis-starter-kit\axenium\node_modules\next\dist\server\lib\router-server.js:465:24)
    at async requestHandlerImpl (D:\jarvis-starter-kit\axenium\node_modules\next\dist\server\lib\router-server.js:514:13)
    at async Server.requestListener (D:\jarvis-starter-kit\axenium\node_modules\next\dist\server\lib\start-server.js:225:13)
--------------------------------------------------
[2026-05-25T06:32:07.646Z] ERROR: Signup error
PrismaClientKnownRequestError: 
Invalid `__TURBOPACK__imported__module__$5b$project$5d2f$src$2f$lib$2f$prisma$2e$ts__$5b$app$2d$route$5d$__$28$ecmascript$29$__["prisma"].user.findFirst()` invocation in
D:\jarvis-starter-kit\axenium\.next\dev\server\chunks\[root-of-the-server]__0on1o8v._.js:154:170

  151         status: 400
  152     });
  153 }
→ 154 const existingUser = await __TURBOPACK__imported__module__$5b$project$5d2f$src$2f$lib$2f$prisma$2e$ts__$5b$app$2d$route$5d$__$28$ecmascript$29$__["prisma"].user.findFirst(
The column `main.User.isValidated` does not exist in the current database.
    at $n.handleRequestError (D:\jarvis-starter-kit\axenium\node_modules\@prisma\client\runtime\library.js:121:7315)
    at $n.handleAndLogRequestError (D:\jarvis-starter-kit\axenium\node_modules\@prisma\client\runtime\library.js:121:6623)
    at $n.request (D:\jarvis-starter-kit\axenium\node_modules\@prisma\client\runtime\library.js:121:6307)
    at async l (D:\jarvis-starter-kit\axenium\node_modules\@prisma\client\runtime\library.js:130:9633)
    at async POST (D:\jarvis-starter-kit\axenium\.next\dev\server\chunks\[root-of-the-server]__0on1o8v._.js:154:30)
    at async AppRouteRouteModule.do (D:\jarvis-starter-kit\axenium\node_modules\next\dist\compiled\next-server\app-route-turbo.runtime.dev.js:5:40115)
    at async AppRouteRouteModule.handle (D:\jarvis-starter-kit\axenium\node_modules\next\dist\compiled\next-server\app-route-turbo.runtime.dev.js:5:47395)
    at async responseGenerator (D:\jarvis-starter-kit\axenium\.next\dev\server\chunks\[root-of-the-server]__0ctdf2n._.js:18392:38)
    at async AppRouteRouteModule.handleResponse (D:\jarvis-starter-kit\axenium\node_modules\next\dist\compiled\next-server\app-route-turbo.runtime.dev.js:1:228552)
    at async handleResponse (D:\jarvis-starter-kit\axenium\.next\dev\server\chunks\[root-of-the-server]__0ctdf2n._.js:18455:32)
    at async Module.handler (D:\jarvis-starter-kit\axenium\.next\dev\server\chunks\[root-of-the-server]__0ctdf2n._.js:18509:13)
    at async DevServer.renderToResponseWithComponentsImpl (D:\jarvis-starter-kit\axenium\node_modules\next\dist\server\base-server.js:1462:9)
    at async DevServer.renderPageComponent (D:\jarvis-starter-kit\axenium\node_modules\next\dist\server\base-server.js:1514:24)
    at async DevServer.renderToResponseImpl (D:\jarvis-starter-kit\axenium\node_modules\next\dist\server\base-server.js:1564:32)
    at async DevServer.pipeImpl (D:\jarvis-starter-kit\axenium\node_modules\next\dist\server\base-server.js:1044:25)
    at async NextNodeServer.handleCatchallRenderRequest (D:\jarvis-starter-kit\axenium\node_modules\next\dist\server\next-server.js:338:17)
    at async DevServer.handleRequestImpl (D:\jarvis-starter-kit\axenium\node_modules\next\dist\server\base-server.js:935:17)
    at async D:\jarvis-starter-kit\axenium\node_modules\next\dist\server\dev\next-dev-server.js:394:20
    at async Span.traceAsyncFn (D:\jarvis-starter-kit\axenium\node_modules\next\dist\trace\trace.js:164:20)
    at async DevServer.handleRequest (D:\jarvis-starter-kit\axenium\node_modules\next\dist\server\dev\next-dev-server.js:390:24)
    at async invokeRender (D:\jarvis-starter-kit\axenium\node_modules\next\dist\server\lib\router-server.js:266:21)
    at async handleRequest (D:\jarvis-starter-kit\axenium\node_modules\next\dist\server\lib\router-server.js:465:24)
    at async requestHandlerImpl (D:\jarvis-starter-kit\axenium\node_modules\next\dist\server\lib\router-server.js:514:13)
    at async Server.requestListener (D:\jarvis-starter-kit\axenium\node_modules\next\dist\server\lib\start-server.js:225:13)
--------------------------------------------------
[2026-05-25T06:36:12.607Z] ERROR: Signup error
PrismaClientKnownRequestError: 
Invalid `__TURBOPACK__imported__module__$5b$project$5d2f$src$2f$lib$2f$prisma$2e$ts__$5b$app$2d$route$5d$__$28$ecmascript$29$__["prisma"].user.findFirst()` invocation in
D:\jarvis-starter-kit\axenium\.next\dev\server\chunks\[root-of-the-server]__0on1o8v._.js:154:170

  151         status: 400
  152     });
  153 }
→ 154 const existingUser = await __TURBOPACK__imported__module__$5b$project$5d2f$src$2f$lib$2f$prisma$2e$ts__$5b$app$2d$route$5d$__$28$ecmascript$29$__["prisma"].user.findFirst(
The column `main.User.isValidated` does not exist in the current database.
    at $n.handleRequestError (D:\jarvis-starter-kit\axenium\node_modules\@prisma\client\runtime\library.js:121:7315)
    at $n.handleAndLogRequestError (D:\jarvis-starter-kit\axenium\node_modules\@prisma\client\runtime\library.js:121:6623)
    at $n.request (D:\jarvis-starter-kit\axenium\node_modules\@prisma\client\runtime\library.js:121:6307)
    at async l (D:\jarvis-starter-kit\axenium\node_modules\@prisma\client\runtime\library.js:130:9633)
    at async POST (D:\jarvis-starter-kit\axenium\.next\dev\server\chunks\[root-of-the-server]__0on1o8v._.js:154:30)
    at async AppRouteRouteModule.do (D:\jarvis-starter-kit\axenium\node_modules\next\dist\compiled\next-server\app-route-turbo.runtime.dev.js:5:40115)
    at async AppRouteRouteModule.handle (D:\jarvis-starter-kit\axenium\node_modules\next\dist\compiled\next-server\app-route-turbo.runtime.dev.js:5:47395)
    at async responseGenerator (D:\jarvis-starter-kit\axenium\.next\dev\server\chunks\[root-of-the-server]__0ctdf2n._.js:18392:38)
    at async AppRouteRouteModule.handleResponse (D:\jarvis-starter-kit\axenium\node_modules\next\dist\compiled\next-server\app-route-turbo.runtime.dev.js:1:228552)
    at async handleResponse (D:\jarvis-starter-kit\axenium\.next\dev\server\chunks\[root-of-the-server]__0ctdf2n._.js:18455:32)
    at async Module.handler (D:\jarvis-starter-kit\axenium\.next\dev\server\chunks\[root-of-the-server]__0ctdf2n._.js:18509:13)
    at async DevServer.renderToResponseWithComponentsImpl (D:\jarvis-starter-kit\axenium\node_modules\next\dist\server\base-server.js:1462:9)
    at async DevServer.renderPageComponent (D:\jarvis-starter-kit\axenium\node_modules\next\dist\server\base-server.js:1514:24)
    at async DevServer.renderToResponseImpl (D:\jarvis-starter-kit\axenium\node_modules\next\dist\server\base-server.js:1564:32)
    at async DevServer.pipeImpl (D:\jarvis-starter-kit\axenium\node_modules\next\dist\server\base-server.js:1044:25)
    at async NextNodeServer.handleCatchallRenderRequest (D:\jarvis-starter-kit\axenium\node_modules\next\dist\server\next-server.js:338:17)
    at async DevServer.handleRequestImpl (D:\jarvis-starter-kit\axenium\node_modules\next\dist\server\base-server.js:935:17)
    at async D:\jarvis-starter-kit\axenium\node_modules\next\dist\server\dev\next-dev-server.js:394:20
    at async Span.traceAsyncFn (D:\jarvis-starter-kit\axenium\node_modules\next\dist\trace\trace.js:164:20)
    at async DevServer.handleRequest (D:\jarvis-starter-kit\axenium\node_modules\next\dist\server\dev\next-dev-server.js:390:24)
    at async invokeRender (D:\jarvis-starter-kit\axenium\node_modules\next\dist\server\lib\router-server.js:266:21)
    at async handleRequest (D:\jarvis-starter-kit\axenium\node_modules\next\dist\server\lib\router-server.js:465:24)
    at async requestHandlerImpl (D:\jarvis-starter-kit\axenium\node_modules\next\dist\server\lib\router-server.js:514:13)
    at async Server.requestListener (D:\jarvis-starter-kit\axenium\node_modules\next\dist\server\lib\start-server.js:225:13)
--------------------------------------------------
